// Jest Snapshot v1, https://goo.gl/fbAQLP

exports[`on mount matches snapshot 1`] = `
<ArgumentText>
  (
  string: 
  <Memo(InlineCodeHighlightMemo)
    code="\\"abc\\""
    language="json"
  />
  , 
  number: 
  <Memo(InlineCodeHighlightMemo)
    code="7"
    language="json"
  />
  , 
  object: 
  <Memo(InlineCodeHighlightMemo)
    code="{\\"string\\":\\"def\\"}"
    language="json"
  />
  , 
  nullable: 
  <Memo(InlineCodeHighlightMemo)
    code="null"
    language="json"
  />
  , 
  undefinable: 
  <Memo(InlineCodeHighlightMemo)
    code="undefined"
    language="json"
  />
  )
</ArgumentText>
`;
