// Jest Snapshot v1, https://goo.gl/fbAQLP

exports[`App on mount matches snapshot 1`] = `
<ThemeProvider
  theme={
    {
      "colors": {
        "canvas": {
          "active": "#2a2a38",
          "base": "#1d1d1d",
          "elevated05": "#303030",
          "elevated10": "#373737",
          "hover": "#26252f",
        },
        "codeblock": {
          "background": "#252525",
        },
        "divider": {
          "base": "#434343",
        },
        "error": {
          "base": "#F65151",
        },
        "pending": {
          "base": "#00A1FF",
        },
        "primary": {
          "active": "#9d9cdf",
          "base": "#7776D2",
          "contrast": "#fff",
          "hover": "#8a89d8",
        },
        "secondary": {
          "base": "#FFE248",
        },
        "success": {
          "base": "#2DAF7E",
        },
        "syntax": {
          "atom": "#e8e8e8",
          "attrName": "#33b3ff",
          "base": "#33b3ff",
          "boolean": "#9291db",
          "builtin": "#9291db",
          "className": "#44b9cb",
          "comment": "#6cc7a4",
          "constant": "#33b3ff",
          "description": "#a4a4a4",
          "enum": "#6cc7a4",
          "function": "#e8e8e8",
          "input": "#9291db",
          "interface": "#9291db",
          "invalid": "#F65151",
          "keyword": "#9291db",
          "meta": "#F65151",
          "null": "#a4a4a4",
          "number": "#6cc7a4",
          "operator": "#e8e8e8",
          "property": "#33b3ff",
          "punctuation": "#e8e8e8",
          "scalar": "#ed9b3d",
          "string": "#ed9b3d",
          "type": "#33b3ff",
          "union": "#44b9cb",
          "variable": "#33b3ff",
        },
        "text": {
          "base": "#e9e9e9",
        },
        "textDimmed": {
          "active": "#d0d0d0",
          "base": "#d0d0d0",
          "hover": "#fff",
        },
        "tooltip": {
          "active": "#252525",
          "background": "#151515",
        },
      },
      "fontSizes": {
        "body": {
          "l": "0.8125rem",
          "m": "0.75rem",
          "s": "0.6875rem",
          "xl": "1rem",
        },
        "display": {
          "l": "5rem",
          "m": "3.75rem",
          "s": "2.5rem",
        },
      },
      "lineHeights": {
        "body": {
          "l": "1rem",
          "m": "0.9375rem",
          "s": "0.875rem",
          "xl": "1.25rem",
        },
        "display": {
          "l": "6rem",
          "m": "4.5rem",
          "s": "3rem",
        },
      },
      "radii": {
        "m": "0.25rem",
        "round": "50%",
        "s": "0.125rem",
      },
      "space": {
        "0": 0,
        "1": "0.125rem",
        "10": "4rem",
        "2": "0.25rem",
        "3": "0.5rem",
        "4": "0.75rem",
        "5": "1rem",
        "6": "1.25rem",
        "7": "1.5rem",
        "8": "2rem",
        "9": "3rem",
      },
    }
  }
>
  <ErrorBoundary>
    <DevtoolsProvider>
      <AppRoutes />
    </DevtoolsProvider>
  </ErrorBoundary>
  <GlobalStyle />
</ThemeProvider>
`;

exports[`App routes on mount on connected matches snapshot 1`] = `
<HashRouter>
  <Navigation
    items={
      [
        {
          "label": "Explorer",
          "link": "/explorer",
        },
        {
          "label": "Events",
          "link": "/events",
        },
        {
          "label": "Request",
          "link": "/request",
        },
      ]
    }
  />
  <TimelineProvider>
    <Route
      component={[Function]}
      path="/events"
    />
  </TimelineProvider>
  <RequestProvider>
    <Route
      component={[Function]}
      path="/request"
    />
  </RequestProvider>
  <ExplorerProvider>
    <Route
      component={[Function]}
      exact={true}
      path="/explorer"
    />
  </ExplorerProvider>
  <Route
    component={[Function]}
    exact={true}
    path="/"
  />
</HashRouter>
`;

exports[`App routes on mount on disconnected matches snapshot 1`] = `<Disconnected />`;

exports[`App routes on mount on version mismatch matches snapshot 1`] = `<Mismatch />`;
