// Jest Snapshot v1, https://goo.gl/fbAQLP

exports[`App on mount matches snapshot 1`] = `
<ThemeProvider
  theme={
    Object {
      "colors": Object {
        "canvas": Object {
          "active": "#292b3f",
          "base": "#1C1E26",
          "elevated05": "#272930",
          "elevated10": "#32343b",
          "hover": "#252637",
        },
        "divider": Object {
          "base": "#3e3f46",
        },
        "error": Object {
          "base": "#F65151",
        },
        "pending": Object {
          "base": "#00A1FF",
        },
        "primary": Object {
          "active": "#9291db",
          "base": "#7776D2",
          "contrast": "#FFFFFF",
          "hover": "#8483d6",
        },
        "secondary": Object {
          "base": "#FFE248",
        },
        "success": Object {
          "base": "#2DAF7E",
        },
        "syntax": Object {
          "atom": "#e8e8e9",
          "attrName": "#33b3ff",
          "base": "#33b3ff",
          "boolean": "#9291db",
          "builtin": "#9291db",
          "className": "#44b9cb",
          "comment": "#6cc7a4",
          "constant": "#33b3ff",
          "description": "#a4a5a8",
          "enum": "#6cc7a4",
          "function": "#e8e8e9",
          "input": "#9291db",
          "interface": "#9291db",
          "invalid": "#F65151",
          "keyword": "#9291db",
          "meta": "#F65151",
          "null": "#a4a5a8",
          "number": "#6cc7a4",
          "operator": "#e8e8e9",
          "property": "#33b3ff",
          "punctuation": "#e8e8e9",
          "scalar": "#ed9b3d",
          "string": "#ed9b3d",
          "type": "#33b3ff",
          "union": "#44b9cb",
          "variable": "#33b3ff",
        },
        "text": Object {
          "base": "#FFFFFF",
        },
        "textDimmed": Object {
          "active": "#ccc",
          "base": "#999",
          "hover": "#b2b2b2",
        },
      },
      "fontSizes": Object {
        "body": Object {
          "l": "0.8125rem",
          "m": "0.75rem",
          "s": "0.6875rem",
          "xl": "1rem",
        },
        "display": Object {
          "l": "5rem",
          "m": "3.75rem",
          "s": "2.5rem",
        },
      },
      "lineHeights": Object {
        "body": Object {
          "l": "1rem",
          "m": "0.9375rem",
          "s": "0.875rem",
          "xl": "1.25rem",
        },
        "display": Object {
          "l": "6rem",
          "m": "4.5rem",
          "s": "3rem",
        },
      },
      "radii": Object {
        "m": "0.25rem",
        "round": "50%",
        "s": "0.125rem",
      },
      "space": Object {
        "0": 0,
        "1": "0.125rem",
        "10": "4rem",
        "2": "0.25rem",
        "3": "0.5rem",
        "4": "0.75rem",
        "5": "1rem",
        "6": "1.25rem",
        "7": "1.5rem",
        "8": "2rem",
        "9": "3rem",
      },
    }
  }
>
  <ErrorBoundary>
    <DevtoolsProvider>
      <AppRoutes />
    </DevtoolsProvider>
  </ErrorBoundary>
  <GlobalStyle />
</ThemeProvider>
`;

exports[`App routes on mount on connected matches snapshot 1`] = `
<HashRouter>
  <Navigation
    items={
      Array [
        Object {
          "label": "Explorer",
          "link": "/explorer",
        },
        Object {
          "label": "Events",
          "link": "/events",
        },
        Object {
          "label": "Request",
          "link": "/request",
        },
      ]
    }
  />
  <TimelineProvider>
    <Route
      component={[Function]}
      path="/events"
    />
  </TimelineProvider>
  <RequestProvider>
    <Route
      component={[Function]}
      path="/request"
    />
  </RequestProvider>
  <ExplorerProvider>
    <Route
      component={[Function]}
      exact={true}
      path="/explorer"
    />
  </ExplorerProvider>
  <Route
    component={[Function]}
    exact={true}
    path="/"
  />
</HashRouter>
`;

exports[`App routes on mount on disconnected matches snapshot 1`] = `<Disconnected />`;

exports[`App routes on mount on version mismatch matches snapshot 1`] = `<Mismatch />`;
